Not searching for unused variables given on the command line.
[36m--[0m Using CATKIN_DEVEL_PREFIX: /home/project26-group3/connect-four/devel/.private/vision
[36m--[0m Using CMAKE_PREFIX_PATH: /home/project26-group3/connect-four/devel;/home/project26-group3/ros/devel;/opt/ros/cu;/opt/ros/one
[36m--[0m This workspace overlays: /home/project26-group3/connect-four/devel;/home/project26-group3/ros/devel;/opt/ros/cu;/opt/ros/one
[36m--[0m Using PYTHON_EXECUTABLE: /usr/bin/python3
[36m--[0m Using Debian Python package layout
[36m--[0m Using empy: /usr/bin/empy
[36m--[0m Using CATKIN_ENABLE_TESTING: ON
[36m--[0m Call enable_testing()
[36m--[0m Using CATKIN_TEST_RESULTS_DIR: /home/project26-group3/connect-four/build/vision/test_results
[36m--[0m GTest is available
[36m--[0m GMock is available
[36m--[0m Using Python nosetests: /usr/bin/nosetests3
[36m--[0m catkin 0.8.10
[36m--[0m BUILD_SHARED_LIBS is on
[36m--[0m Could NOT find sensor_msgs. (missing: sensor_msgs._DIR)
[36m--[0m Could not find the required component 'sensor_msgs.'. The following CMake error indicates that you either need to install the package with the same name or change your environment so that it can be found.
[31mCMake Error at /usr/share/catkin/cmake/catkinConfig.cmake:82 (find_package):
  Could not find a package configuration file provided by "sensor_msgs." with
  any of the following names:

    sensor_msgs.Config.cmake
    sensor_msgs.-config.cmake

  Add the installation prefix of "sensor_msgs." to CMAKE_PREFIX_PATH or set
  "sensor_msgs._DIR" to a directory containing one of the above files.  If
  "sensor_msgs." provides a separate development package or SDK, be sure it
  has been installed.
[36mCall Stack (most recent call first):[0m
  CMakeLists.txt:11 (find_package)

[0m
[36m--[0m Configuring incomplete, errors occurred!
See also "/home/project26-group3/connect-four/build/vision/CMakeFiles/CMakeOutput.log".
