Not searching for unused variables given on the command line.
[36m--[0m The C compiler identification is GNU 12.2.0
[36m--[0m The CXX compiler identification is GNU 12.2.0
[36m--[0m Detecting C compiler ABI info
[36m--[0m Detecting C compiler ABI info - done
[36m--[0m Check for working C compiler: /usr/bin/cc - skipped
[36m--[0m Detecting C compile features
[36m--[0m Detecting C compile features - done
[36m--[0m Detecting CXX compiler ABI info
[36m--[0m Detecting CXX compiler ABI info - done
[36m--[0m Check for working CXX compiler: /usr/bin/c++ - skipped
[36m--[0m Detecting CXX compile features
[36m--[0m Detecting CXX compile features - done
[36m--[0m Using CATKIN_DEVEL_PREFIX: /home/project26-group3/connect-four/devel/.private/catkin_tools_prebuild
[36m--[0m Using CMAKE_PREFIX_PATH: /home/project26-group3/ros/devel;/opt/ros/cu;/opt/ros/one
[36m--[0m This workspace overlays: /home/project26-group3/ros/devel;/opt/ros/cu;/opt/ros/one
[36m--[0m Found PythonInterp: /usr/bin/python3 (found suitable version "3.11.2", minimum required is "3")
[36m--[0m Using PYTHON_EXECUTABLE: /usr/bin/python3
[36m--[0m Using Debian Python package layout
[36m--[0m Using empy: /usr/bin/empy
[36m--[0m Using CATKIN_ENABLE_TESTING: ON
[36m--[0m Call enable_testing()
[36m--[0m Using CATKIN_TEST_RESULTS_DIR: /home/project26-group3/connect-four/build/catkin_tools_prebuild/test_results
[36m--[0m GTest is available
[36m--[0m GMock is available
[36m--[0m Using Python nosetests: /usr/bin/nosetests3
[36m--[0m Found Threads: TRUE
[36m--[0m catkin 0.8.10
[36m--[0m BUILD_SHARED_LIBS is on
[36m--[0m Configuring done
[36m--[0m Generating done
[36m--[0m Build files have been written to: /home/project26-group3/connect-four/build/catkin_tools_prebuild
